[dotenv@17.3.1] injecting env (1) from .env.local -- tip: ­ƒñû agentic secret storage: https://dotenvx.com/as2
--- SISTEMA DE DIAGN├ôSTICO DE MODELOS OPENROUTER ---
Utilizando API Key: sk-or-v1-5...

­ƒöì Probando modelo: meta-llama/llama-3.2-11b-vision-instruct:free...
node : ÔØî meta-llama/llama-3
.2-11b-vision-instruct:free 
FALL├ô.
En línea: 1 Carácter: 1
+ node test-models.js > 
test_output.txt 2>&1
+ ~~~~~~~~~~~~~~~~~~~~~~~~~~~
~~~~~~~~~~~~~~~
    + CategoryInfo           
   : NotSpecified: (ÔØî met  
  a-llama/...ct:free FALL├   
 ô.:String) [], RemoteExc    
eption
    + FullyQualifiedErrorId  
   : NativeCommandError
 
   Status: 404 Not Found
   Error: {"message":"No 
endpoints found for meta-llam
a/llama-3.2-11b-vision-instru
ct:free.","code":404}

­ƒöì Probando modelo: nvidia/nemotron-nano-12b-v2-vl:free...
ÔØî nvidia/nemotron-nano-12b-
v2-vl:free FALL├ô.
   Status: 429 Too Many 
Requests
   Error: {"message":"Rate 
limit exceeded: 
free-models-per-day. Add 10 
credits to unlock 1000 free 
model requests per day","code
":429,"metadata":{"headers":{
"X-RateLimit-Limit":"50","X-R
ateLimit-Remaining":"0","X-Ra
teLimit-Reset":"1772496000000
"},"provider_name":null}}

­ƒöì Probando modelo: mistralai/mistral-small-3.1-24b-instruct:free...
ÔØî mistralai/mistral-small-3
.1-24b-instruct:free FALL├ô.
   Status: 429 Too Many 
Requests
   Error: 
{"message":"Provider 
returned error","code":429,"m
etadata":{"raw":"mistralai/mi
stral-small-3.1-24b-instruct:
free is temporarily 
rate-limited upstream. 
Please retry shortly, or add 
your own key to accumulate 
your rate limits: https://ope
nrouter.ai/settings/integrati
ons","provider_name":"Venice"
,"is_byok":false}}

­ƒöì Probando modelo: google/gemini-2.0-flash-lite-preview-02-05:free...
ÔØî google/gemini-2.0-flash-l
ite-preview-02-05:free 
FALL├ô.
   Status: 400 Bad Request
   Error: {"message":"google/
gemini-2.0-flash-lite-preview
-02-05:free is not a valid 
model ID","code":400}

­ƒöì Probando modelo: qwen/qwen-vl-plus:free...
ÔØî qwen/qwen-vl-plus:free 
FALL├ô.
   Status: 404 Not Found
   Error: {"message":"No 
endpoints found for qwen/qwen
-vl-plus:free.","code":404}

--- TEST FINALIZADO ---
